// Jest Snapshot v1, https://goo.gl/fbAQLP

exports[`args.rb 1`] = `
def hello arguments
  puts arguments
end
~~~~~~~~~~~~~~~~~~~~~~~~~~~~~~~~~~~~~~~~~~~~~~~~~~~~~~~~~~~~~~~~~~~~~~~~~~~~~~~~
def hello(arguments)
    puts arguments
end

`;
