// Jest Snapshot v1, https://goo.gl/fbAQLP

exports[`optionalKeywordArguments.rb 1`] = `
def find_file_upwards(filename, start_dir, use_home: false)
  if use_home
    puts filename
  end
end
~~~~~~~~~~~~~~~~~~~~~~~~~~~~~~~~~~~~~~~~~~~~~~~~~~~~~~~~~~~~~~~~~~~~~~~~~~~~~~~~
def find_file_upwards(filename, start_dir, use_home: false)
  if use_home
    puts filename
  end
end

`;
