// Jest Snapshot v1, https://goo.gl/fbAQLP

exports[`class_1.rb 1`] = `
class TestClass
  def initialize(a)
    puts a
  end
end~~~~~~~~~~~~~~~~~~~~~~~~~~~~~~~~~~~~~~~~~~~~~~~~~~~~~~~~~~~~~~~~~~~~~~~~~~~~~~~~
class TestClass
  def initialize(a)
    puts a
  end
end

`;
