// Jest Snapshot v1, https://goo.gl/fbAQLP

exports[`array.rb 1`] = `
numbers = [1, 2, 3, 4, 5, 6, 7, 8, 9]
numbers
~~~~~~~~~~~~~~~~~~~~~~~~~~~~~~~~~~~~~~~~~~~~~~~~~~~~~~~~~~~~~~~~~~~~~~~~~~~~~~~~
numbers = [1, 2, 3, 4, 5, 6, 7, 8, 9]
numbers

`;
