// Jest Snapshot v1, https://goo.gl/fbAQLP

exports[`regexp.rb 1`] = `
/\\A[\\w+-_]+\\Z/mi
~~~~~~~~~~~~~~~~~~~~~~~~~~~~~~~~~~~~~~~~~~~~~~~~~~~~~~~~~~~~~~~~~~~~~~~~~~~~~~~~
/\\A[\\w+-_]+\\Z//mi

`;
