// Jest Snapshot v1, https://goo.gl/fbAQLP

exports[`call_1.rb 1`] = `
puts 123

greet('userName')
~~~~~~~~~~~~~~~~~~~~~~~~~~~~~~~~~~~~~~~~~~~~~~~~~~~~~~~~~~~~~~~~~~~~~~~~~~~~~~~~
puts 123
greet('userName')

`;
