// Jest Snapshot v1, https://goo.gl/fbAQLP

exports[`yield.rb 1`] = `
yield(file.to_s)
~~~~~~~~~~~~~~~~~~~~~~~~~~~~~~~~~~~~~~~~~~~~~~~~~~~~~~~~~~~~~~~~~~~~~~~~~~~~~~~~
yield file.to_s

`;
